1785144222444|0|statement|connection 32|url jdbc:h2:mem:discodeit-test|     drop table if exists binary_contents cascade |     drop table if exists binary_contents cascade 
1785144222444|0|statement|connection 32|url jdbc:h2:mem:discodeit-test|     drop table if exists channels cascade |     drop table if exists channels cascade 
1785144222444|0|statement|connection 32|url jdbc:h2:mem:discodeit-test|     drop table if exists message_attachments cascade |     drop table if exists message_attachments cascade 
1785144222444|0|statement|connection 32|url jdbc:h2:mem:discodeit-test|     drop table if exists messages cascade |     drop table if exists messages cascade 
1785144222445|0|statement|connection 32|url jdbc:h2:mem:discodeit-test|     drop table if exists read_statuses cascade |     drop table if exists read_statuses cascade 
1785144222445|0|statement|connection 32|url jdbc:h2:mem:discodeit-test|     drop table if exists user_statuses cascade |     drop table if exists user_statuses cascade 
1785144222445|0|statement|connection 32|url jdbc:h2:mem:discodeit-test|     drop table if exists users cascade |     drop table if exists users cascade 
1785144222449|0|statement|connection 33|url jdbc:h2:mem:7697003f-f59c-4f37-b865-30b4face72ff|     drop table if exists binary_contents cascade |     drop table if exists binary_contents cascade 
1785144222449|0|statement|connection 33|url jdbc:h2:mem:7697003f-f59c-4f37-b865-30b4face72ff|     drop table if exists channels cascade |     drop table if exists channels cascade 
1785144222450|0|statement|connection 33|url jdbc:h2:mem:7697003f-f59c-4f37-b865-30b4face72ff|     drop table if exists message_attachments cascade |     drop table if exists message_attachments cascade 
1785144222450|0|statement|connection 33|url jdbc:h2:mem:7697003f-f59c-4f37-b865-30b4face72ff|     drop table if exists messages cascade |     drop table if exists messages cascade 
1785144222450|0|statement|connection 33|url jdbc:h2:mem:7697003f-f59c-4f37-b865-30b4face72ff|     drop table if exists read_statuses cascade |     drop table if exists read_statuses cascade 
1785144222450|0|statement|connection 33|url jdbc:h2:mem:7697003f-f59c-4f37-b865-30b4face72ff|     drop table if exists user_statuses cascade |     drop table if exists user_statuses cascade 
1785144222451|0|statement|connection 33|url jdbc:h2:mem:7697003f-f59c-4f37-b865-30b4face72ff|     drop table if exists users cascade |     drop table if exists users cascade 
1785144246604|0|statement|connection 32|url jdbc:h2:mem:discodeit-test|     drop table if exists binary_contents cascade |     drop table if exists binary_contents cascade 
1785144246605|0|statement|connection 32|url jdbc:h2:mem:discodeit-test|     drop table if exists channels cascade |     drop table if exists channels cascade 
1785144246606|0|statement|connection 32|url jdbc:h2:mem:discodeit-test|     drop table if exists message_attachments cascade |     drop table if exists message_attachments cascade 
1785144246606|0|statement|connection 32|url jdbc:h2:mem:discodeit-test|     drop table if exists messages cascade |     drop table if exists messages cascade 
1785144246607|0|statement|connection 32|url jdbc:h2:mem:discodeit-test|     drop table if exists read_statuses cascade |     drop table if exists read_statuses cascade 
1785144246608|0|statement|connection 32|url jdbc:h2:mem:discodeit-test|     drop table if exists user_statuses cascade |     drop table if exists user_statuses cascade 
1785144246609|0|statement|connection 32|url jdbc:h2:mem:discodeit-test|     drop table if exists users cascade |     drop table if exists users cascade 
1785144246626|0|statement|connection 33|url jdbc:h2:mem:discodeit-test|     drop table if exists binary_contents cascade |     drop table if exists binary_contents cascade 
1785144246626|0|statement|connection 33|url jdbc:h2:mem:discodeit-test|     drop table if exists channels cascade |     drop table if exists channels cascade 
1785144246626|0|statement|connection 33|url jdbc:h2:mem:discodeit-test|     drop table if exists message_attachments cascade |     drop table if exists message_attachments cascade 
1785144246626|0|statement|connection 33|url jdbc:h2:mem:discodeit-test|     drop table if exists messages cascade |     drop table if exists messages cascade 
1785144246626|0|statement|connection 33|url jdbc:h2:mem:discodeit-test|     drop table if exists read_statuses cascade |     drop table if exists read_statuses cascade 
1785144246627|0|statement|connection 33|url jdbc:h2:mem:discodeit-test|     drop table if exists user_statuses cascade |     drop table if exists user_statuses cascade 
1785144246627|0|statement|connection 33|url jdbc:h2:mem:discodeit-test|     drop table if exists users cascade |     drop table if exists users cascade 
1785144327997|0|statement|connection 32|url jdbc:h2:mem:discodeit-test|     drop table if exists binary_contents cascade |     drop table if exists binary_contents cascade 
1785144327998|0|statement|connection 32|url jdbc:h2:mem:discodeit-test|     drop table if exists channels cascade |     drop table if exists channels cascade 
1785144327998|0|statement|connection 32|url jdbc:h2:mem:discodeit-test|     drop table if exists message_attachments cascade |     drop table if exists message_attachments cascade 
1785144327998|0|statement|connection 32|url jdbc:h2:mem:discodeit-test|     drop table if exists messages cascade |     drop table if exists messages cascade 
1785144327998|0|statement|connection 32|url jdbc:h2:mem:discodeit-test|     drop table if exists read_statuses cascade |     drop table if exists read_statuses cascade 
1785144327998|0|statement|connection 32|url jdbc:h2:mem:discodeit-test|     drop table if exists user_statuses cascade |     drop table if exists user_statuses cascade 
1785144327999|0|statement|connection 32|url jdbc:h2:mem:discodeit-test|     drop table if exists users cascade |     drop table if exists users cascade 
1785144328002|0|statement|connection 33|url jdbc:h2:mem:18f82bf6-6658-4ba0-8c7c-ace5c64c413d|     drop table if exists binary_contents cascade |     drop table if exists binary_contents cascade 
1785144328002|0|statement|connection 33|url jdbc:h2:mem:18f82bf6-6658-4ba0-8c7c-ace5c64c413d|     drop table if exists channels cascade |     drop table if exists channels cascade 
1785144328003|0|statement|connection 33|url jdbc:h2:mem:18f82bf6-6658-4ba0-8c7c-ace5c64c413d|     drop table if exists message_attachments cascade |     drop table if exists message_attachments cascade 
1785144328003|0|statement|connection 33|url jdbc:h2:mem:18f82bf6-6658-4ba0-8c7c-ace5c64c413d|     drop table if exists messages cascade |     drop table if exists messages cascade 
1785144328003|0|statement|connection 33|url jdbc:h2:mem:18f82bf6-6658-4ba0-8c7c-ace5c64c413d|     drop table if exists read_statuses cascade |     drop table if exists read_statuses cascade 
1785144328003|0|statement|connection 33|url jdbc:h2:mem:18f82bf6-6658-4ba0-8c7c-ace5c64c413d|     drop table if exists user_statuses cascade |     drop table if exists user_statuses cascade 
1785144328003|0|statement|connection 33|url jdbc:h2:mem:18f82bf6-6658-4ba0-8c7c-ace5c64c413d|     drop table if exists users cascade |     drop table if exists users cascade 
